// Jest Snapshot v1, https://goo.gl/fbAQLP

exports[`if it wraps tag 1`] = `"<h1>Hello World</h1>"`;
